============================================================
Preprocessing Unit Tests
============================================================
python : Traceback 
(most recent call 
last):
At line:1 char:1
+ python 
test_preprocessing.py 
> test_output.txt 
2>&1; type 
test_output ...
+ ~~~~~~~~~~~~~~~~~~~~
~~~~~~~~~~~~~~~~~~~~~~
~~~~~~~~~
    + CategoryInfo    
          : NotSpeci  
  fied: (Traceback    
 (most recent call    
 last)::String) [    
], RemoteExceptio    n
    + FullyQualifiedE 
   rrorId : NativeCo  
  mmandError
 
  File "C:\Users\Volwi
nSHAJI\.gemini\antigra
vity\scratch\chat\test
_preprocessing.py", 
line 198, in <module>
    print(f"\n\u25b8 
{name}")
    
~~~~~^^^^^^^^^^^^^^^
  File "C:\Program Fil
es\WindowsApps\PythonS
oftwareFoundation.Pyth
on.3.13_3.13.3312.0_x6
4__qbz5n2kfra8p0\Lib\e
ncodings\cp1252.py", 
line 19, in encode
    return codecs.char
map_encode(input,self.
errors,encoding_table)
[0]
           ~~~~~~~~~~~
~~~~~~~~~~^^^^^^^^^^^^
^^^^^^^^^^^^^^^^^^^^^^
UnicodeEncodeError: 
'charmap' codec can't 
encode character 
'\u25b8' in position 
2: character maps to 
<undefined>

During handling of 
the above exception, 
another exception 
occurred:

Traceback (most 
recent call last):
  File "C:\Users\Volwi
nSHAJI\.gemini\antigra
vity\scratch\chat\test
_preprocessing.py", 
line 202, in <module>
    print(f"  \u274c 
FAILED: {e}")
    ~~~~~^^^^^^^^^^^^^
^^^^^^^^
  File "C:\Program Fil
es\WindowsApps\PythonS
oftwareFoundation.Pyth
on.3.13_3.13.3312.0_x6
4__qbz5n2kfra8p0\Lib\e
ncodings\cp1252.py", 
line 19, in encode
    return codecs.char
map_encode(input,self.
errors,encoding_table)
[0]
           ~~~~~~~~~~~
~~~~~~~~~~^^^^^^^^^^^^
^^^^^^^^^^^^^^^^^^^^^^
UnicodeEncodeError: 
'charmap' codec can't 
encode character 
'\u274c' in position 
2: character maps to 
<undefined>
